remote: error: GH013: Repository rule violations found for refs/heads/main.        
remote: 
remote: - GITHUB PUSH PROTECTION        
remote:   —————————————————————————————————————————        
remote:     Resolve the following violations before pushing again        
remote: 
remote:     - Push cannot contain secrets        
remote: 
remote:             
remote:      (?) Learn how to resolve a blocked push        
remote:      https://docs.github.com/code-security/secret-scanning/working-with-secret-scanning-and-push-protection/working-with-push-protection-from-the-command-line#resolving-a-blocked-push        
remote:             
remote:             
remote:       —— GCP API Key Bound to a Service Account ————————————        
remote:        locations:        
remote:          - commit: e594d697e60713f23a362fac6e80932bf0a6051a        
remote:            path: backend/.env:25        
remote:             
remote:        (?) To push, remove secret from commit(s) or follow this URL to allow the secret.        
remote:        https://github.com/BarathArjun-B/car_recommendation_ai/security/secret-scanning/unblock-secret/3FBFtFB7GmHC4ynYXbiQQLDGHjz        
remote:             
remote: 
remote: 
To https://github.com/BarathArjun-B/car_recommendation_ai.git
 ! [remote rejected] main -> main (push declined due to repository rule violations)
error: failed to push some refs to 'https://github.com/BarathArjun-B/car_recommendation_ai.git'
