{"event":"serverStarted","payload":{"port":"5001","timestamp":"2026-06-02T15:31:59.192Z"},"createdAt":"2026-06-02T15:31:59.193Z"}
{"event":"serverStarted","payload":{"port":"5001","timestamp":"2026-06-02T15:32:30.435Z"},"createdAt":"2026-06-02T15:32:30.435Z"}
{"event":"serverStarted","payload":{"port":"5001","timestamp":"2026-06-02T15:33:21.199Z"},"createdAt":"2026-06-02T15:33:21.199Z"}
{"event":"serverStarted","payload":{"port":"5001","timestamp":"2026-06-02T15:33:39.868Z"},"createdAt":"2026-06-02T15:33:39.868Z"}
{"event":"serverStarted","payload":{"port":"5001","timestamp":"2026-06-02T15:48:16.557Z"},"createdAt":"2026-06-02T15:48:16.558Z"}
{"event":"carViewed","payload":{"carId":"tata-nexon-2025","model":"Nexon Fearless Plus"},"createdAt":"2026-06-02T15:48:56.496Z"}
{"event":"serverStarted","payload":{"port":"5001","timestamp":"2026-06-02T16:23:57.042Z"},"createdAt":"2026-06-02T16:23:57.043Z"}
{"event":"serverStarted","payload":{"port":"5001","timestamp":"2026-06-02T16:24:15.095Z"},"createdAt":"2026-06-02T16:24:15.096Z"}
{"event":"serverStarted","payload":{"port":"5001","timestamp":"2026-06-02T16:36:50.323Z"},"createdAt":"2026-06-02T16:36:50.326Z"}
{"event":"serverStarted","payload":{"port":"5001","timestamp":"2026-06-02T16:39:17.051Z"},"createdAt":"2026-06-02T16:39:17.052Z"}
{"event":"serverStarted","payload":{"port":"5001","timestamp":"2026-06-02T16:40:30.563Z"},"createdAt":"2026-06-02T16:40:30.563Z"}
{"event":"serverStarted","payload":{"port":"5001","timestamp":"2026-06-02T17:11:38.412Z"},"createdAt":"2026-06-02T17:11:38.416Z"}
{"event":"serverStarted","payload":{"port":"5001","timestamp":"2026-06-02T17:12:01.925Z"},"createdAt":"2026-06-02T17:12:01.925Z"}
{"event":"serverStarted","payload":{"port":"5001","timestamp":"2026-06-02T17:14:18.992Z"},"createdAt":"2026-06-02T17:14:18.996Z"}
{"event":"serverStarted","payload":{"port":"5001","timestamp":"2026-06-14T07:28:22.029Z"},"createdAt":"2026-06-14T07:28:22.032Z"}
{"event":"carViewed","payload":{"carId":"6a2e566247b38c3092a87f0a","model":"Swift"},"createdAt":"2026-06-14T07:28:26.962Z"}
{"event":"serverStarted","payload":{"port":"5001","timestamp":"2026-06-14T07:39:36.580Z"},"createdAt":"2026-06-14T07:39:36.584Z"}
{"event":"carViewed","payload":{"carId":"6a2e566247b38c3092a87f0a","model":"Swift"},"createdAt":"2026-06-14T07:39:47.158Z"}
{"event":"serverStarted","payload":{"port":"5001","timestamp":"2026-06-14T07:51:59.756Z"},"createdAt":"2026-06-14T07:51:59.757Z"}
{"event":"serverStarted","payload":{"port":"5001","timestamp":"2026-06-14T07:53:27.566Z"},"createdAt":"2026-06-14T07:53:27.567Z"}
{"event":"serverStarted","payload":{"port":"5001","timestamp":"2026-06-14T07:53:56.365Z"},"createdAt":"2026-06-14T07:53:56.366Z"}
{"event":"serverStarted","payload":{"port":"5001","timestamp":"2026-06-14T13:06:16.030Z"},"createdAt":"2026-06-14T13:06:16.034Z"}
{"event":"carViewed","payload":{"carId":"6a2ea71e47b38c3092a8876d","model":"Tiago"},"createdAt":"2026-06-14T13:06:31.070Z"}
{"event":"serverStarted","payload":{"port":"5001","timestamp":"2026-06-14T13:10:06.097Z"},"createdAt":"2026-06-14T13:10:06.098Z"}
{"event":"serverStarted","payload":{"port":"5001","timestamp":"2026-06-14T13:20:29.229Z"},"createdAt":"2026-06-14T13:20:29.229Z"}
{"event":"carViewed","payload":{"carId":"6a2ea9b647b38c3092a887f2","model":"Venue"},"createdAt":"2026-06-14T13:21:13.012Z"}
{"event":"carViewed","payload":{"carId":"6a2ea9b647b38c3092a887f2","model":"Venue"},"createdAt":"2026-06-14T13:21:13.015Z"}
{"event":"carViewed","payload":{"carId":"6a2ea9ba47b38c3092a887f6","model":"XUV700"},"createdAt":"2026-06-14T13:21:26.161Z"}
{"event":"carViewed","payload":{"carId":"6a2ea9ba47b38c3092a887f6","model":"XUV700"},"createdAt":"2026-06-14T13:21:26.164Z"}
{"event":"serverStarted","payload":{"port":"5001","timestamp":"2026-06-14T13:23:21.425Z"},"createdAt":"2026-06-14T13:23:21.426Z"}
{"event":"serverStarted","payload":{"port":"5001","timestamp":"2026-06-14T13:31:27.960Z"},"createdAt":"2026-06-14T13:31:27.961Z"}
{"event":"serverStarted","payload":{"port":"5001","timestamp":"2026-06-14T13:32:10.114Z"},"createdAt":"2026-06-14T13:32:10.114Z"}
{"event":"serverStarted","payload":{"port":"5001","timestamp":"2026-06-14T13:34:45.144Z"},"createdAt":"2026-06-14T13:34:45.145Z"}
{"event":"carViewed","payload":{"carId":"6a2ea99147b38c3092a887c0","model":"EV6"},"createdAt":"2026-06-14T13:40:21.231Z"}
{"event":"carViewed","payload":{"carId":"6a2ea99147b38c3092a887c0","model":"EV6"},"createdAt":"2026-06-14T13:40:21.234Z"}
{"event":"serverStarted","payload":{"port":"5001","timestamp":"2026-06-15T14:31:02.186Z"},"createdAt":"2026-06-15T14:31:02.190Z"}
{"event":"serverStarted","payload":{"port":"5001","timestamp":"2026-06-15T14:36:38.145Z"},"createdAt":"2026-06-15T14:36:38.145Z"}
{"event":"serverStarted","payload":{"port":"5001","timestamp":"2026-06-15T14:40:39.183Z"},"createdAt":"2026-06-15T14:40:39.184Z"}
{"event":"serverStarted","payload":{"port":"5001","timestamp":"2026-06-15T14:42:27.850Z"},"createdAt":"2026-06-15T14:42:27.851Z"}
{"event":"serverStarted","payload":{"port":"5001","timestamp":"2026-06-15T14:44:20.180Z"},"createdAt":"2026-06-15T14:44:20.180Z"}
{"event":"serverStarted","payload":{"port":"5001","timestamp":"2026-06-15T14:54:47.769Z"},"createdAt":"2026-06-15T14:54:47.769Z"}
{"event":"serverStarted","payload":{"port":"5001","timestamp":"2026-06-15T15:02:06.786Z"},"createdAt":"2026-06-15T15:02:06.786Z"}
{"event":"serverStarted","payload":{"port":"5001","timestamp":"2026-06-15T15:03:00.593Z"},"createdAt":"2026-06-15T15:03:00.594Z"}
{"event":"carViewed","payload":{"carId":"6a2ea97247b38c3092a88794","model":"Dzire"},"createdAt":"2026-06-15T15:05:36.720Z"}
{"event":"carViewed","payload":{"carId":"6a2ea97247b38c3092a88794","model":"Dzire"},"createdAt":"2026-06-15T15:05:36.722Z"}
{"event":"serverStarted","payload":{"port":"5001","timestamp":"2026-06-15T15:17:14.383Z"},"createdAt":"2026-06-15T15:17:14.383Z"}
{"event":"serverStarted","payload":{"port":"5001","timestamp":"2026-06-15T15:26:26.640Z"},"createdAt":"2026-06-15T15:26:26.640Z"}
{"event":"serverStarted","payload":{"port":"5001","timestamp":"2026-06-15T15:33:47.216Z"},"createdAt":"2026-06-15T15:33:47.217Z"}
{"event":"serverStarted","payload":{"port":"5001","timestamp":"2026-06-15T15:38:51.940Z"},"createdAt":"2026-06-15T15:38:51.940Z"}
{"event":"serverStarted","payload":{"port":"5001","timestamp":"2026-06-15T16:00:39.708Z"},"createdAt":"2026-06-15T16:00:39.709Z"}
{"event":"serverStarted","payload":{"port":"5001","timestamp":"2026-06-15T16:02:32.752Z"},"createdAt":"2026-06-15T16:02:32.752Z"}
{"event":"serverStarted","payload":{"port":"5001","timestamp":"2026-06-15T16:03:16.297Z"},"createdAt":"2026-06-15T16:03:16.297Z"}
{"event":"serverStarted","payload":{"port":"5001","timestamp":"2026-06-15T16:04:35.581Z"},"createdAt":"2026-06-15T16:04:35.582Z"}
{"event":"serverStarted","payload":{"port":"5001","timestamp":"2026-06-15T16:19:00.556Z"},"createdAt":"2026-06-15T16:19:00.556Z"}
{"event":"serverStarted","payload":{"port":"5001","timestamp":"2026-06-15T16:21:30.027Z"},"createdAt":"2026-06-15T16:21:30.027Z"}
{"event":"serverStarted","payload":{"port":"5001","timestamp":"2026-06-15T16:38:49.062Z"},"createdAt":"2026-06-15T16:38:49.062Z"}
{"event":"serverStarted","payload":{"port":"5001","timestamp":"2026-06-15T17:22:34.559Z"},"createdAt":"2026-06-15T17:22:34.559Z"}
